################################################################################
#                                                                              #
#      IAR Universal Linker V6.6.2.104                                         #
#                                                                              #
#           Link time     =  12/Oct/2021  13:40:34                             #
#           Target CPU    =  MSP430                                            #
#           List file     =  C:\Users\bmcke\Documents\Uni\EE579\EE579Week4-5\D #
#                            ebug\List\Assignment2.map                         #
#           Output file 1 =  C:\Users\bmcke\Documents\Uni\EE579\EE579Week4-5\D #
#                            ebug\Exe\Assignment2.d43                          #
#                            Format: ubrof10                                   #
#                            UBROF version 10.0.6                              #
#                            Using library modules for C-SPY (-rt)             #
#           Command line  =  -f C:\Users\bmcke\AppData\Local\Temp\EW57C6.tmp   #
#                            (C:\Users\bmcke\Documents\Uni\EE579\EE579Week4-5\ #
#                            Debug\Obj\main.r43                                #
#                            -o                                                #
#                            C:\Users\bmcke\Documents\Uni\EE579\EE579Week4-5\D #
#                            ebug\Exe\Assignment2.d43                          #
#                            -l                                                #
#                            C:\Users\bmcke\Documents\Uni\EE579\EE579Week4-5\D #
#                            ebug\List\Assignment2.map                         #
#                            -xms                                              #
#                            "-IC:\Program Files (x86)\IAR Systems\Embedded Wo #
#                            rkbench 8.5\430\LIB\\"                            #
#                            -f                                                #
#                            "C:\Program Files (x86)\IAR Systems\Embedded Work #
#                            bench 8.5\430\config\linker\lnk430g2553.xcl"      #
#                            (-cmsp430 -QCODE_I=CODE_ID -QTLS16_I=TLS16_ID     #
#                            -Z(CONST)INFO=1000-10FF                           #
#                            -Z(CONST)INFOA=10C0-10FF                          #
#                            -Z(CONST)INFOB=1080-10BF                          #
#                            -Z(CONST)INFOC=1040-107F                          #
#                            -Z(CONST)INFOD=1000-103F                          #
#                            -Z(DATA)DATA16_I,DATA16_Z,DATA16_N,TLS16_I=0200-0 #
#                            3FF                                               #
#                            -Z(DATA)DATA16_HEAP+_DATA16_HEAP_SIZE             #
#                            -Z(DATA)CODE_I -Z(DATA)CSTACK+_STACK_SIZE#        #
#                            -Z(CONST)DATA16_C,DATA16_ID,TLS16_ID,DIFUNCT,CHEC #
#                            KSUM=C000-FFDD                                    #
#                            -Z(CODE)CSTART,ISR_CODE,CODE_ID=C000-FFDD         #
#                            -P(CODE)CODE=C000-FFDD                            #
#                            -Z(CONST)SIGNATURE=FFDE-FFDF                      #
#                            -Z(CODE)INTVEC=FFE0-FFFF                          #
#                            -Z(CODE)RESET=FFFE-FFFF) -D_STACK_SIZE=50 -rt     #
#                            "C:\Program Files (x86)\IAR Systems\Embedded Work #
#                            bench 8.5\430\lib\dlib\dl430fn.r43"               #
#                            -e_PrintfLarge=_Printf -e_ScanfLarge=_Scanf       #
#                            -D_DATA16_HEAP_SIZE=50 -s __program_start         #
#                            -D_DATA20_HEAP_SIZE=50)                           #
#                                                                              #
#                           Copyright (C) 1987-2019 IAR Systems AB.            #
################################################################################





                ****************************************
                *                                      *
                *           CROSS REFERENCE            *
                *                                      *
                ****************************************

       Program entry at :           C000  Relocatable, from module : ?cstart




                ****************************************
                *                                      *
                *            RUNTIME MODEL             *
                *                                      *
                ****************************************

  __Heap_Handler             = Basic
  __SystemLibrary            = DLib
  __core                     = 430
  __dlib_file_descriptor     = 0
  __dlib_full_locale_support = 0
  __double_size              = 32
  __pic                      = no
  __reg_r4                   = free
  __reg_r5                   = free
  __rt_version               = 3

                ****************************************
                *                                      *
                *    AUTOMATIC SYMBOL REDIRECTIONS     *
                *                                      *
                ****************************************

                  There are no automatic symbol redirections.



                ****************************************
                *                                      *
                *              MODULE MAP              *
                *                                      *
                ****************************************


  DEFINED ABSOLUTE ENTRIES
    *************************************************************************

  DEFINED ABSOLUTE ENTRIES
  PROGRAM MODULE, NAME : ?ABS_ENTRY_MOD

Absolute parts
           ENTRY                   ADDRESS         REF BY
           =====                   =======         ======
           _DATA20_HEAP_SIZE       0050 
           _DATA16_HEAP_SIZE       0050 
           _STACK_SIZE             0050 
    *************************************************************************

  FILE NAME : C:\Users\bmcke\Documents\Uni\EE579\EE579Week4-5\Debug\Obj\main.r43
  PROGRAM MODULE, NAME : main

  SEGMENTS IN THE MODULE
  ======================
DATA16_AN
  Relative segment, address: 0000 - 0000 (0x1 bytes), align: 0
  Segment part 1. ROOT        Intra module refs:   Port1_ISR
                                                   WDT_ISR
           ENTRY                   ADDRESS         REF BY
           =====                   =======         ======
           _A_IE1                  0000 
           LOCAL                   ADDRESS         
           =====                   =======         
           IE1                     0000 
           IE1_bit                 0000 
    -------------------------------------------------------------------------
DATA16_AN
  Relative segment, address: 0002 - 0002 (0x1 bytes), align: 0
  Segment part 2. ROOT        Intra module refs:   Port1_ISR
                                                   WDT_ISR
           ENTRY                   ADDRESS         REF BY
           =====                   =======         ======
           _A_IFG1                 0002 
           LOCAL                   ADDRESS         
           =====                   =======         
           IFG1                    0002 
           IFG1_bit                0002 
    -------------------------------------------------------------------------
DATA16_AN
  Relative segment, address: 0057 - 0057 (0x1 bytes), align: 0
  Segment part 3. ROOT        Intra module refs:   setUpIO
           ENTRY                   ADDRESS         REF BY
           =====                   =======         ======
           _A_BCSCTL1              0057 
           LOCAL                   ADDRESS         
           =====                   =======         
           BCSCTL1                 0057 
           BCSCTL1_bit             0057 
    -------------------------------------------------------------------------
DATA16_AN
  Relative segment, address: 0053 - 0053 (0x1 bytes), align: 0
  Segment part 4. ROOT        Intra module refs:   setUpIO
           ENTRY                   ADDRESS         REF BY
           =====                   =======         ======
           _A_BCSCTL3              0053 
           LOCAL                   ADDRESS         
           =====                   =======         
           BCSCTL3                 0053 
           BCSCTL3_bit             0053 
    -------------------------------------------------------------------------
DATA16_AN
  Relative segment, address: 0021 - 0021 (0x1 bytes), align: 0
  Segment part 5. ROOT        Intra module refs:   Port1_ISR
                                                   Timer_A
                                                   setUpIO
           ENTRY                   ADDRESS         REF BY
           =====                   =======         ======
           _A_P1OUT                0021 
           LOCAL                   ADDRESS         
           =====                   =======         
           P1OUT                   0021 
           P1OUT_bit               0021 
    -------------------------------------------------------------------------
DATA16_AN
  Relative segment, address: 0022 - 0022 (0x1 bytes), align: 0
  Segment part 6. ROOT        Intra module refs:   setUpIO
           ENTRY                   ADDRESS         REF BY
           =====                   =======         ======
           _A_P1DIR                0022 
           LOCAL                   ADDRESS         
           =====                   =======         
           P1DIR                   0022 
           P1DIR_bit               0022 
    -------------------------------------------------------------------------
DATA16_AN
  Relative segment, address: 0023 - 0023 (0x1 bytes), align: 0
  Segment part 7. ROOT        Intra module refs:   Port1_ISR
           ENTRY                   ADDRESS         REF BY
           =====                   =======         ======
           _A_P1IFG                0023 
           LOCAL                   ADDRESS         
           =====                   =======         
           P1IFG                   0023 
           P1IFG_bit               0023 
    -------------------------------------------------------------------------
DATA16_AN
  Relative segment, address: 0024 - 0024 (0x1 bytes), align: 0
  Segment part 8. ROOT        Intra module refs:   WDT_ISR
                                                   setUpIO
           ENTRY                   ADDRESS         REF BY
           =====                   =======         ======
           _A_P1IES                0024 
           LOCAL                   ADDRESS         
           =====                   =======         
           P1IES                   0024 
           P1IES_bit               0024 
    -------------------------------------------------------------------------
DATA16_AN
  Relative segment, address: 0025 - 0025 (0x1 bytes), align: 0
  Segment part 9. ROOT        Intra module refs:   Port1_ISR
                                                   WDT_ISR
                                                   setUpIO
           ENTRY                   ADDRESS         REF BY
           =====                   =======         ======
           _A_P1IE                 0025 
           LOCAL                   ADDRESS         
           =====                   =======         
           P1IE                    0025 
           P1IE_bit                0025 
    -------------------------------------------------------------------------
DATA16_AN
  Relative segment, address: 0027 - 0027 (0x1 bytes), align: 0
  Segment part 10. ROOT       Intra module refs:   setUpIO
           ENTRY                   ADDRESS         REF BY
           =====                   =======         ======
           _A_P1REN                0027 
           LOCAL                   ADDRESS         
           =====                   =======         
           P1REN                   0027 
           P1REN_bit               0027 
    -------------------------------------------------------------------------
DATA16_AN
  Relative segment, address: 0160 - 0161 (0x2 bytes), align: 0
  Segment part 11. ROOT       Intra module refs:   startFlashing
                                                   startTimer
           ENTRY                   ADDRESS         REF BY
           =====                   =======         ======
           _A_TA0CTL               0160 
           LOCAL                   ADDRESS         
           =====                   =======         
           TA0CTL                  0160 
           TA0CTL_bit              0160 
    -------------------------------------------------------------------------
DATA16_AN
  Relative segment, address: 0162 - 0163 (0x2 bytes), align: 0
  Segment part 12. ROOT       Intra module refs:   startFlashing
           ENTRY                   ADDRESS         REF BY
           =====                   =======         ======
           _A_TA0CCTL0             0162 
           LOCAL                   ADDRESS         
           =====                   =======         
           TA0CCTL0                0162 
           TA0CCTL0_bit            0162 
    -------------------------------------------------------------------------
DATA16_AN
  Relative segment, address: 0172 - 0173 (0x2 bytes), align: 0
  Segment part 13. ROOT       Intra module refs:   Timer_A
                                                   startFlashing
                                                   startTimer
           ENTRY                   ADDRESS         REF BY
           =====                   =======         ======
           TA0CCR0                 0172 
    -------------------------------------------------------------------------
DATA16_AN
  Relative segment, address: 0120 - 0121 (0x2 bytes), align: 0
  Segment part 14. ROOT       Intra module refs:   Port1_ISR
                                                   WDT_ISR
                                                   main
           ENTRY                   ADDRESS         REF BY
           =====                   =======         ======
           _A_WDTCTL               0120 
           LOCAL                   ADDRESS         
           =====                   =======         
           WDTCTL                  0120 
           WDTCTL_bit              0120 
    -------------------------------------------------------------------------
<CODE> 1 (was CODE)
  Relative segment, address: C0A2 - C0B3 (0x12 bytes), align: 1
  Segment part 21.
           ENTRY                   ADDRESS         REF BY
           =====                   =======         ======
           main                    C0A2            Segment part 19 (?cstart)
               calls direct
    -------------------------------------------------------------------------
<CODE> 1 (was CODE)
  Relative segment, address: C00C - C02F (0x24 bytes), align: 1
  Segment part 20.            Intra module refs:   Timer_A
                                                   main
           ENTRY                   ADDRESS         REF BY
           =====                   =======         ======
           setUpIO                 C00C 
    -------------------------------------------------------------------------
<CODE> 1 (was CODE)
  Relative segment, address: C08A - C0A1 (0x18 bytes), align: 1
  Segment part 19.            Intra module refs:   Timer_A
                                                   main
           ENTRY                   ADDRESS         REF BY
           =====                   =======         ======
           startFlashing           C08A 
    -------------------------------------------------------------------------
<CODE> 1 (was CODE)
  Relative segment, address: C0B4 - C0C5 (0x12 bytes), align: 1
  Segment part 22.            Intra module refs:   Port1_ISR
           ENTRY                   ADDRESS         REF BY
           =====                   =======         ======
           startTimer              C0B4 
    -------------------------------------------------------------------------
<CODE> 1 (was CODE)
  Relative segment, address: C052 - C071 (0x20 bytes), align: 1
  Segment part 23.            Intra module refs:   Timer_A::??INTVEC 18
           ENTRY                   ADDRESS         REF BY
           =====                   =======         ======
           Timer_A                 C052 
               interrupt function
               calls direct
    -------------------------------------------------------------------------
<CODE> 1 (was CODE)
  Relative segment, address: C030 - C051 (0x22 bytes), align: 1
  Segment part 24.            Intra module refs:   Port1_ISR::??INTVEC 4
           ENTRY                   ADDRESS         REF BY
           =====                   =======         ======
           Port1_ISR               C030 
               interrupt function
               calls direct
    -------------------------------------------------------------------------
<CODE> 1 (was CODE)
  Relative segment, address: C072 - C089 (0x18 bytes), align: 1
  Segment part 25.            Intra module refs:   WDT_ISR::??INTVEC 20
           ENTRY                   ADDRESS         REF BY
           =====                   =======         ======
           WDT_ISR                 C072 
               interrupt function
    -------------------------------------------------------------------------
INTVEC
  Common segment, address: FFE0 - FFE5 (0x6 bytes), align: 1
  Segment part 15. ROOT 
           ENTRY                   ADDRESS         REF BY
           =====                   =======         ======
           Port1_ISR::??INTVEC 4   FFE4 
    -------------------------------------------------------------------------
INTVEC
  Common segment, address: FFE0 - FFF3 (0x14 bytes), align: 1
  Segment part 16. ROOT 
           ENTRY                   ADDRESS         REF BY
           =====                   =======         ======
           Timer_A::??INTVEC 18    FFF2 
    -------------------------------------------------------------------------
INTVEC
  Common segment, address: FFE0 - FFF5 (0x16 bytes), align: 1
  Segment part 17. ROOT 
           ENTRY                   ADDRESS         REF BY
           =====                   =======         ======
           WDT_ISR::??INTVEC 20    FFF4 

    *************************************************************************

  FILE NAME : C:\Program Files (x86)\IAR Systems\Embedded Workbench 8.5\430\lib\dlib\dl430fn.r43
  LIBRARY MODULE, NAME : ?__dbg_break

  SEGMENTS IN THE MODULE
  ======================
<CODE> 1 (was CODE)
  Relative segment, address: C0E0 - C0E1 (0x2 bytes), align: 1
  Segment part 2.
           ENTRY                   ADDRESS         REF BY
           =====                   =======         ======
           __DebugBreak            C0E0            __exit (?__exit)

    -------------------------------------------------------------------------
  LIBRARY MODULE, NAME : ?__exit

  SEGMENTS IN THE MODULE
  ======================
<CODE> 1 (was CODE)
  Relative segment, address: C0C6 - C0D7 (0x12 bytes), align: 1
  Segment part 2.
           ENTRY                   ADDRESS         REF BY
           =====                   =======         ======
           __exit                  C0C6            Segment part 6 (?_exit)
                                                   _exit (?_exit)
               calls direct

    -------------------------------------------------------------------------
  LIBRARY MODULE, NAME : ?_exit

  SEGMENTS IN THE MODULE
  ======================
<CODE> 1 (was CODE)
  Relative segment, address: C0D8, align: 1
  Segment part 0.
           ENTRY                   ADDRESS         REF BY
           =====                   =======         ======
           _exit                   C0D8            exit (?exit)
    -------------------------------------------------------------------------
<CODE> 1 (was CODE)
  Relative segment, address: C0D8 - C0DB (0x4 bytes), align: 1
  Segment part 6.             Intra module refs:   _exit

    -------------------------------------------------------------------------
  LIBRARY MODULE, NAME : ?cstart

  SEGMENTS IN THE MODULE
  ======================
CSTACK
  Relative segment, address: 03B0, align: 1
  Segment part 1.
    -------------------------------------------------------------------------
CSTART
  Relative segment, address: C000 - C003 (0x4 bytes), align: 1
  Segment part 9.
           ENTRY                   ADDRESS         REF BY
           =====                   =======         ======
           __program_start         C000            ?reset_vector (?reset_vector)
                                                   Absolute parts (?ABS_ENTRY_MOD)
           ?cstart_begin           C000 
    -------------------------------------------------------------------------
CSTART
  Relative segment, address: C004 - C00B (0x8 bytes), align: 1
  Segment part 19.            Intra module refs:   Segment part 9
           ENTRY                   ADDRESS         REF BY
           =====                   =======         ======
           ?cstart_call_main       C004 
           ?cstart_end             C00C 

    -------------------------------------------------------------------------
  LIBRARY MODULE, NAME : ?reset_vector

  SEGMENTS IN THE MODULE
  ======================
RESET
  Relative segment, address: FFFE - FFFF (0x2 bytes), align: 1
  Segment part 0.
           ENTRY                   ADDRESS         REF BY
           =====                   =======         ======
           ?reset_vector           FFFE            Segment part 9 (?cstart)

    -------------------------------------------------------------------------
  LIBRARY MODULE, NAME : ?exit

  SEGMENTS IN THE MODULE
  ======================
<CODE> 1 (was CODE)
  Relative segment, address: C0DC - C0DF (0x4 bytes), align: 1
  Segment part 2.
           ENTRY                   ADDRESS         REF BY
           =====                   =======         ======
           exit                    C0DC            Segment part 19 (?cstart)
               calls direct




                ****************************************
                *                                      *
                *      SEGMENTS IN ADDRESS ORDER       *
                *                                      *
                ****************************************


SEGMENT              SPACE    START ADDRESS   END ADDRESS     SIZE  TYPE  ALIGN
=======              =====    =============   ===========     ====  ====  =====
DATA16_AN                              0000 - 0000               1   rel    0
                                       0002 - 0002               1 
                                       0021 - 0025               5 
                                       0027 - 0027               1 
                                       0053 - 0053               1 
                                       0057 - 0057               1 
                                       0120 - 0121               2 
                                       0160 - 0163               4 
                                       0172 - 0173               2 
CSTACK                                 03B0 - 03FF              50   rel    1
CSTART                                 C000 - C00B               C   rel    1
<CODE> 1                               C00C - C0E1              D6   rel    1
INTVEC                                 FFE0 - FFF5              16   com    1
RESET                                  FFFE - FFFF               2   rel    1

                ****************************************
                *                                      *
                *        END OF CROSS REFERENCE        *
                *                                      *
                ****************************************

 250 bytes of CODE memory
  80 bytes of DATA memory (+ 18 absolute )

Errors: none
Warnings: none

