################################################################################
#                                                                              #
#      IAR Universal Linker V6.6.2.104                                         #
#                                                                              #
#           Link time     =  01/Oct/2021  12:43:29                             #
#           Target CPU    =  MSP430                                            #
#           List file     =  C:\Users\bmcke\Documents\Uni\EE579\EE579Week1-3\D #
#                            ebug\List\traffic_lights.map                      #
#           Output file 1 =  C:\Users\bmcke\Documents\Uni\EE579\EE579Week1-3\D #
#                            ebug\Exe\traffic_lights.d43                       #
#                            Format: ubrof10                                   #
#                            UBROF version 10.0.6                              #
#                            Using library modules for C-SPY (-rt)             #
#           Command line  =  -f C:\Users\bmcke\AppData\Local\Temp\EW6F2E.tmp   #
#                            (C:\Users\bmcke\Documents\Uni\EE579\EE579Week1-3\ #
#                            Debug\Obj\main.r43                                #
#                            -o                                                #
#                            C:\Users\bmcke\Documents\Uni\EE579\EE579Week1-3\D #
#                            ebug\Exe\traffic_lights.d43                       #
#                            -l                                                #
#                            C:\Users\bmcke\Documents\Uni\EE579\EE579Week1-3\D #
#                            ebug\List\traffic_lights.map                      #
#                            -xms                                              #
#                            "-IC:\Program Files (x86)\IAR Systems\Embedded Wo #
#                            rkbench 8.5\430\LIB\\"                            #
#                            -f                                                #
#                            "C:\Program Files (x86)\IAR Systems\Embedded Work #
#                            bench 8.5\430\config\linker\lnk430g2553.xcl"      #
#                            (-cmsp430 -QCODE_I=CODE_ID -QTLS16_I=TLS16_ID     #
#                            -Z(CONST)INFO=1000-10FF                           #
#                            -Z(CONST)INFOA=10C0-10FF                          #
#                            -Z(CONST)INFOB=1080-10BF                          #
#                            -Z(CONST)INFOC=1040-107F                          #
#                            -Z(CONST)INFOD=1000-103F                          #
#                            -Z(DATA)DATA16_I,DATA16_Z,DATA16_N,TLS16_I=0200-0 #
#                            3FF                                               #
#                            -Z(DATA)DATA16_HEAP+_DATA16_HEAP_SIZE             #
#                            -Z(DATA)CODE_I -Z(DATA)CSTACK+_STACK_SIZE#        #
#                            -Z(CONST)DATA16_C,DATA16_ID,TLS16_ID,DIFUNCT,CHEC #
#                            KSUM=C000-FFDD                                    #
#                            -Z(CODE)CSTART,ISR_CODE,CODE_ID=C000-FFDD         #
#                            -P(CODE)CODE=C000-FFDD                            #
#                            -Z(CONST)SIGNATURE=FFDE-FFDF                      #
#                            -Z(CODE)INTVEC=FFE0-FFFF                          #
#                            -Z(CODE)RESET=FFFE-FFFF) -D_STACK_SIZE=50 -rt     #
#                            "C:\Program Files (x86)\IAR Systems\Embedded Work #
#                            bench 8.5\430\lib\dlib\dl430fn.r43"               #
#                            -e_PrintfLarge=_Printf -e_ScanfLarge=_Scanf       #
#                            -D_DATA16_HEAP_SIZE=50 -s __program_start         #
#                            -D_DATA20_HEAP_SIZE=50)                           #
#                                                                              #
#                           Copyright (C) 1987-2019 IAR Systems AB.            #
################################################################################





                ****************************************
                *                                      *
                *           CROSS REFERENCE            *
                *                                      *
                ****************************************

       Program entry at :           C000  Relocatable, from module : ?cstart




                ****************************************
                *                                      *
                *            RUNTIME MODEL             *
                *                                      *
                ****************************************

  __Heap_Handler             = Basic
  __SystemLibrary            = DLib
  __core                     = 430
  __dlib_file_descriptor     = 0
  __dlib_full_locale_support = 0
  __double_size              = 32
  __pic                      = no
  __reg_r4                   = free
  __reg_r5                   = free
  __rt_version               = 3

                ****************************************
                *                                      *
                *    AUTOMATIC SYMBOL REDIRECTIONS     *
                *                                      *
                ****************************************

                  There are no automatic symbol redirections.



                ****************************************
                *                                      *
                *              MODULE MAP              *
                *                                      *
                ****************************************


  DEFINED ABSOLUTE ENTRIES
    *************************************************************************

  DEFINED ABSOLUTE ENTRIES
  PROGRAM MODULE, NAME : ?ABS_ENTRY_MOD

Absolute parts
           ENTRY                   ADDRESS         REF BY
           =====                   =======         ======
           _DATA20_HEAP_SIZE       0050 
           _DATA16_HEAP_SIZE       0050 
           _STACK_SIZE             0050 
    *************************************************************************

  FILE NAME : C:\Users\bmcke\Documents\Uni\EE579\EE579Week1-3\Debug\Obj\main.r43
  PROGRAM MODULE, NAME : main

  SEGMENTS IN THE MODULE
  ======================
DATA16_AN
  Relative segment, address: 0020 - 0020 (0x1 bytes), align: 0
  Segment part 1. ROOT        Intra module refs:   Timer_A
                                                   driver
           ENTRY                   ADDRESS         REF BY
           =====                   =======         ======
           _A_P1IN                 0020 
           LOCAL                   ADDRESS         
           =====                   =======         
           P1IN                    0020 
           P1IN_bit                0020 
    -------------------------------------------------------------------------
DATA16_AN
  Relative segment, address: 0021 - 0021 (0x1 bytes), align: 0
  Segment part 2. ROOT        Intra module refs:   Timer_A
                                                   driver
                                                   setUpIO
           ENTRY                   ADDRESS         REF BY
           =====                   =======         ======
           _A_P1OUT                0021 
           LOCAL                   ADDRESS         
           =====                   =======         
           P1OUT                   0021 
           P1OUT_bit               0021 
    -------------------------------------------------------------------------
DATA16_AN
  Relative segment, address: 0022 - 0022 (0x1 bytes), align: 0
  Segment part 3. ROOT        Intra module refs:   setUpIO
           ENTRY                   ADDRESS         REF BY
           =====                   =======         ======
           _A_P1DIR                0022 
           LOCAL                   ADDRESS         
           =====                   =======         
           P1DIR                   0022 
           P1DIR_bit               0022 
    -------------------------------------------------------------------------
DATA16_AN
  Relative segment, address: 0029 - 0029 (0x1 bytes), align: 0
  Segment part 4. ROOT        Intra module refs:   Timer_A
                                                   driver
                                                   setUpIO
           ENTRY                   ADDRESS         REF BY
           =====                   =======         ======
           _A_P2OUT                0029 
           LOCAL                   ADDRESS         
           =====                   =======         
           P2OUT                   0029 
           P2OUT_bit               0029 
    -------------------------------------------------------------------------
DATA16_AN
  Relative segment, address: 002A - 002A (0x1 bytes), align: 0
  Segment part 5. ROOT        Intra module refs:   setUpIO
           ENTRY                   ADDRESS         REF BY
           =====                   =======         ======
           _A_P2DIR                002A 
           LOCAL                   ADDRESS         
           =====                   =======         
           P2DIR                   002A 
           P2DIR_bit               002A 
    -------------------------------------------------------------------------
DATA16_AN
  Relative segment, address: 0160 - 0161 (0x2 bytes), align: 0
  Segment part 6. ROOT        Intra module refs:   startAndConfigureFlashing
                                                   startTimer
           ENTRY                   ADDRESS         REF BY
           =====                   =======         ======
           _A_TA0CTL               0160 
           LOCAL                   ADDRESS         
           =====                   =======         
           TA0CTL                  0160 
           TA0CTL_bit              0160 
    -------------------------------------------------------------------------
DATA16_AN
  Relative segment, address: 0162 - 0163 (0x2 bytes), align: 0
  Segment part 7. ROOT        Intra module refs:   configureTimer
                                                   startAndConfigureFlashing
           ENTRY                   ADDRESS         REF BY
           =====                   =======         ======
           _A_TA0CCTL0             0162 
           LOCAL                   ADDRESS         
           =====                   =======         
           TA0CCTL0                0162 
           TA0CCTL0_bit            0162 
    -------------------------------------------------------------------------
DATA16_AN
  Relative segment, address: 0172 - 0173 (0x2 bytes), align: 0
  Segment part 8. ROOT        Intra module refs:   Timer_A
                                                   configureTimer
                                                   driver
                                                   startAndConfigureFlashing
           ENTRY                   ADDRESS         REF BY
           =====                   =======         ======
           TA0CCR0                 0172 
    -------------------------------------------------------------------------
DATA16_AN
  Relative segment, address: 0120 - 0121 (0x2 bytes), align: 0
  Segment part 9. ROOT        Intra module refs:   main
           ENTRY                   ADDRESS         REF BY
           =====                   =======         ======
           _A_WDTCTL               0120 
           LOCAL                   ADDRESS         
           =====                   =======         
           WDTCTL                  0120 
           WDTCTL_bit              0120 
    -------------------------------------------------------------------------
DATA16_Z
  Relative segment, address: 0200 - 0201 (0x2 bytes), align: 1
  Segment part 12.            Intra module refs:   Timer_A
                                                   driver
                                                   main
           ENTRY                   ADDRESS         REF BY
           =====                   =======         ======
           i                       0200 
    -------------------------------------------------------------------------
<CODE> 1 (was CODE)
  Relative segment, address: C092 - C0AD (0x1c bytes), align: 1
  Segment part 17.
           ENTRY                   ADDRESS         REF BY
           =====                   =======         ======
           main                    C092            Segment part 19 (?cstart)
               calls direct
    -------------------------------------------------------------------------
<CODE> 1 (was CODE)
  Relative segment, address: C066 - C091 (0x2c bytes), align: 1
  Segment part 15.            Intra module refs:   Timer_A
                                                   main
           ENTRY                   ADDRESS         REF BY
           =====                   =======         ======
           driver                  C066 
               calls direct
    -------------------------------------------------------------------------
<CODE> 1 (was CODE)
  Relative segment, address: C0AE - C0C7 (0x1a bytes), align: 1
  Segment part 16.            Intra module refs:   main
           ENTRY                   ADDRESS         REF BY
           =====                   =======         ======
           setUpIO                 C0AE 
    -------------------------------------------------------------------------
<CODE> 1 (was CODE)
  Relative segment, address: C0F2 - C101 (0x10 bytes), align: 1
  Segment part 13.            Intra module refs:   driver
                                                   main
           ENTRY                   ADDRESS         REF BY
           =====                   =======         ======
           configureTimer          C0F2 
    -------------------------------------------------------------------------
<CODE> 1 (was CODE)
  Relative segment, address: C112 - C119 (0x8 bytes), align: 1
  Segment part 14.            Intra module refs:   driver
           ENTRY                   ADDRESS         REF BY
           =====                   =======         ======
           startTimer              C112 
    -------------------------------------------------------------------------
<CODE> 1 (was CODE)
  Relative segment, address: C0C8 - C0DF (0x18 bytes), align: 1
  Segment part 18.            Intra module refs:   Timer_A
           ENTRY                   ADDRESS         REF BY
           =====                   =======         ======
           startAndConfigureFlashing
                                   C0C8 
    -------------------------------------------------------------------------
<CODE> 1 (was CODE)
  Relative segment, address: C018 - C065 (0x4e bytes), align: 1
  Segment part 19.            Intra module refs:   Timer_A::??INTVEC 18
           ENTRY                   ADDRESS         REF BY
           =====                   =======         ======
           Timer_A                 C018 
               interrupt function
               calls direct
    -------------------------------------------------------------------------
INTVEC
  Common segment, address: FFE0 - FFF3 (0x14 bytes), align: 1
  Segment part 10. ROOT 
           ENTRY                   ADDRESS         REF BY
           =====                   =======         ======
           Timer_A::??INTVEC 18    FFF2 

    *************************************************************************

  FILE NAME : C:\Program Files (x86)\IAR Systems\Embedded Workbench 8.5\430\lib\dlib\dl430fn.r43
  LIBRARY MODULE, NAME : ?__dbg_break

  SEGMENTS IN THE MODULE
  ======================
<CODE> 1 (was CODE)
  Relative segment, address: C122 - C123 (0x2 bytes), align: 1
  Segment part 2.
           ENTRY                   ADDRESS         REF BY
           =====                   =======         ======
           __DebugBreak            C122            __exit (?__exit)

    -------------------------------------------------------------------------
  LIBRARY MODULE, NAME : ?__exit

  SEGMENTS IN THE MODULE
  ======================
<CODE> 1 (was CODE)
  Relative segment, address: C0E0 - C0F1 (0x12 bytes), align: 1
  Segment part 2.
           ENTRY                   ADDRESS         REF BY
           =====                   =======         ======
           __exit                  C0E0            Segment part 6 (?_exit)
                                                   _exit (?_exit)
               calls direct

    -------------------------------------------------------------------------
  LIBRARY MODULE, NAME : ?_exit

  SEGMENTS IN THE MODULE
  ======================
<CODE> 1 (was CODE)
  Relative segment, address: C11E, align: 1
  Segment part 0.
           ENTRY                   ADDRESS         REF BY
           =====                   =======         ======
           _exit                   C11E            exit (?exit)
    -------------------------------------------------------------------------
<CODE> 1 (was CODE)
  Relative segment, address: C11E - C121 (0x4 bytes), align: 1
  Segment part 6.             Intra module refs:   _exit

    -------------------------------------------------------------------------
  LIBRARY MODULE, NAME : ?cstart

  SEGMENTS IN THE MODULE
  ======================
CSTACK
  Relative segment, address: 03B0, align: 1
  Segment part 1.
    -------------------------------------------------------------------------
DATA16_Z
  Relative segment, address: 0202, align: 1
  Segment part 2.
    -------------------------------------------------------------------------
CSTART
  Relative segment, address: C000 - C003 (0x4 bytes), align: 1
  Segment part 9.
           ENTRY                   ADDRESS         REF BY
           =====                   =======         ======
           __program_start         C000            ?reset_vector (?reset_vector)
                                                   Absolute parts (?ABS_ENTRY_MOD)
           ?cstart_begin           C000 
    -------------------------------------------------------------------------
CSTART
  Relative segment, address: C004 - C00F (0xc bytes), align: 1
  Segment part 14.
           ENTRY                   ADDRESS         REF BY
           =====                   =======         ======
           ?cstart_init_zero       C004            i (main)
    -------------------------------------------------------------------------
CSTART
  Relative segment, address: C010 - C017 (0x8 bytes), align: 1
  Segment part 19.            Intra module refs:   Segment part 9
           ENTRY                   ADDRESS         REF BY
           =====                   =======         ======
           ?cstart_call_main       C010 
           ?cstart_end             C018 

    -------------------------------------------------------------------------
  LIBRARY MODULE, NAME : ?reset_vector

  SEGMENTS IN THE MODULE
  ======================
RESET
  Relative segment, address: FFFE - FFFF (0x2 bytes), align: 1
  Segment part 0.
           ENTRY                   ADDRESS         REF BY
           =====                   =======         ======
           ?reset_vector           FFFE            Segment part 9 (?cstart)

    -------------------------------------------------------------------------
  LIBRARY MODULE, NAME : ?exit

  SEGMENTS IN THE MODULE
  ======================
<CODE> 1 (was CODE)
  Relative segment, address: C11A - C11D (0x4 bytes), align: 1
  Segment part 2.
           ENTRY                   ADDRESS         REF BY
           =====                   =======         ======
           exit                    C11A            Segment part 19 (?cstart)
               calls direct

    -------------------------------------------------------------------------
  LIBRARY MODULE, NAME : ?memzero

  SEGMENTS IN THE MODULE
  ======================
<CODE> 1 (was CODE)
  Relative segment, address: C102 - C111 (0x10 bytes), align: 1
  Segment part 2.
           ENTRY                   ADDRESS         REF BY
           =====                   =======         ======
           __data16_memzero        C102            ?cstart_init_zero (?cstart)




                ****************************************
                *                                      *
                *      SEGMENTS IN ADDRESS ORDER       *
                *                                      *
                ****************************************


SEGMENT              SPACE    START ADDRESS   END ADDRESS     SIZE  TYPE  ALIGN
=======              =====    =============   ===========     ====  ====  =====
DATA16_AN                              0020 - 0022               3   rel    0
                                       0029 - 002A               2 
                                       0120 - 0121               2 
                                       0160 - 0163               4 
                                       0172 - 0173               2 
DATA16_I                                  0200                       dse    0
DATA16_Z                               0200 - 0201               2   rel    1
CSTACK                                 03B0 - 03FF              50   rel    1
CSTART                                 C000 - C017              18   rel    1
<CODE> 1                               C018 - C123             10C   rel    1
INTVEC                                 FFE0 - FFF3              14   com    1
RESET                                  FFFE - FFFF               2   rel    1

                ****************************************
                *                                      *
                *        END OF CROSS REFERENCE        *
                *                                      *
                ****************************************

 314 bytes of CODE memory
  82 bytes of DATA memory (+ 13 absolute )

Errors: none
Warnings: none

